warning: unused import: `std::string::ToString`
  --> $DIR/lints-in-foreign-macros.rs:11:16
   |
LL |     () => {use std::string::ToString;}
   |                ^^^^^^^^^^^^^^^^^^^^^
...
LL | mod a { foo!(); }
   |         ------- in this macro invocation
   |
note: lint level defined here
  --> $DIR/lints-in-foreign-macros.rs:4:9
   |
LL | #![warn(unused_imports)]
   |         ^^^^^^^^^^^^^^

warning: unused import: `std::string::ToString`
  --> $DIR/lints-in-foreign-macros.rs:16:18
   |
LL | mod c { baz!(use std::string::ToString;); }
   |                  ^^^^^^^^^^^^^^^^^^^^^

warning: unused import: `std::string::ToString`
  --> $DIR/lints-in-foreign-macros.rs:17:19
   |
LL | mod d { baz2!(use std::string::ToString;); }
   |                   ^^^^^^^^^^^^^^^^^^^^^

